> hvigor [32mUP-TO-DATE :entry:default@PreBuild...  [39m
> hvigor [32mFinished :entry:default@CreateModuleInfo... after 6 ms [39m
> hvigor [32mUP-TO-DATE :entry:default@GenerateMetadata...  [39m
> hvigor [32mFinished :entry:default@ConfigureCmake... after 44 ms [39m
> hvigor [32mUP-TO-DATE :entry:default@MergeProfile...  [39m
> hvigor [32mUP-TO-DATE :entry:default@CreateBuildProfile...  [39m
> hvigor [32mFinished :entry:default@PreCheckSyscap... after 2 ms [39m
> hvigor [32mFinished :entry:default@ProcessIntegratedHsp... after 2 ms [39m
> hvigor [32mFinished :entry:default@BuildNativeWithCmake... after 138 ms [39m
> hvigor [32mUP-TO-DATE :entry:default@MakePackInfo...  [39m
> hvigor [32mUP-TO-DATE :entry:default@SyscapTransform...  [39m
> hvigor [32mUP-TO-DATE :entry:default@GeneratePkgContextInfo...  [39m
> hvigor [32mUP-TO-DATE :entry:default@ProcessProfile...  [39m
> hvigor [32mUP-TO-DATE :entry:default@ProcessRouterMap...  [39m
> hvigor [32mUP-TO-DATE :entry:default@ProcessShareConfig...  [39m
> hvigor [32mFinished :entry:default@ProcessStartupConfig... after 11 ms [39m
> hvigor [32mUP-TO-DATE :entry:default@ProcessResource...  [39m
> hvigor [32mUP-TO-DATE :entry:default@GenerateLoaderJson...  [39m
> hvigor [32mUP-TO-DATE :entry:default@CompileResource...  [39m
> hvigor [32mFinished :entry:default@BuildJS... after 26 ms [39m
> hvigor [32mFinished :entry:default@BuildNativeWithNinja... after 421 ms [39m
> hvigor [32mUP-TO-DATE :entry:default@ProcessLibs...  [39m
> hvigor [32mUP-TO-DATE :entry:default@DoNativeStrip...  [39m
> hvigor [32mUP-TO-DATE :entry:default@CacheNativeLibs...  [39m
> hvigor WARN: WARN: ArkTS:WARN File: E:/baidu/arkTS_code/New_Jydl_v3/oh_modules/.ohpm/@ohos+mpchart@3.0.28/oh_modules/@ohos/mpchart/src/main/ets/components/renderer/RoseChartRender.ets:438:25
 Usage of 'ESObject' type is restricted (arkts-limited-esobj)

WARN: ArkTS:WARN: For details about ArkTS syntax errors, see FAQs
WARN: ArkTS:WARN File: E:/baidu/arkTS_code/New_Jydl_v3/entry/src/main/ets/components/TopMenu.ets:112:12
 'pushUrl' has been deprecated.

WARN: ArkTS:WARN File: E:/baidu/arkTS_code/New_Jydl_v3/entry/src/main/ets/components/TopMenu.ets:151:23
 'getContext' has been deprecated.

WARN: ArkTS:WARN File: E:/baidu/arkTS_code/New_Jydl_v3/entry/src/main/ets/components/SoftStrapPanel.ets:251:22
 'back' has been deprecated.

WARN: ArkTS:WARN File: E:/baidu/arkTS_code/New_Jydl_v3/entry/src/main/ets/components/SoftStrapPanel.ets:398:22
 'back' has been deprecated.

WARN: ArkTS:WARN File: E:/baidu/arkTS_code/New_Jydl_v3/entry/src/main/ets/components/SoftStrapPanel.ets:410:22
 'back' has been deprecated.

WARN: ArkTS:WARN File: E:/baidu/arkTS_code/New_Jydl_v3/entry/src/main/ets/pages/SoftStrapSet.ets:419:16
 'back' has been deprecated.

WARN: ArkTS:WARN File: E:/baidu/arkTS_code/New_Jydl_v3/entry/src/main/ets/pages/SoftStrapSet.ets:433:16
 'back' has been deprecated.

WARN: ArkTS:WARN File: E:/baidu/arkTS_code/New_Jydl_v3/entry/src/main/ets/pages/SoftStrapSet.ets:725:18
 'back' has been deprecated.

WARN: ArkTS:WARN File: E:/baidu/arkTS_code/New_Jydl_v3/entry/src/main/ets/pages/SoftStrapSet.ets:739:18
 'back' has been deprecated.

WARN: ArkTS:WARN File: E:/baidu/arkTS_code/New_Jydl_v3/entry/src/main/ets/pages/RelaySettingDisp.ets:1460:27
 'getParams' has been deprecated.

WARN: ArkTS:WARN File: E:/baidu/arkTS_code/New_Jydl_v3/entry/src/main/ets/pages/RelaySettingDisp.ets:1556:16
 'back' has been deprecated.

WARN: ArkTS:WARN File: E:/baidu/arkTS_code/New_Jydl_v3/entry/src/main/ets/pages/RelaySettingDisp.ets:1570:16
 'back' has been deprecated.

WARN: ArkTS:WARN File: E:/baidu/arkTS_code/New_Jydl_v3/entry/src/main/ets/pages/RelaySettingDisp.ets:1934:18
 'back' has been deprecated.

WARN: ArkTS:WARN File: E:/baidu/arkTS_code/New_Jydl_v3/entry/src/main/ets/pages/RelaySettingDisp.ets:1950:18
 'back' has been deprecated.

WARN: ArkTS:WARN File: E:/baidu/arkTS_code/New_Jydl_v3/entry/src/main/ets/pages/RelaySetting_DispSelect.ets:77:12
 'pushUrl' has been deprecated.

WARN: ArkTS:WARN File: E:/baidu/arkTS_code/New_Jydl_v3/entry/src/main/ets/pages/RelaySetting_DispSelect.ets:189:16
 'back' has been deprecated.

WARN: ArkTS:WARN File: E:/baidu/arkTS_code/New_Jydl_v3/entry/src/main/ets/pages/RelaySetting_DispSelect.ets:203:16
 'back' has been deprecated.

WARN: ArkTS:WARN File: E:/baidu/arkTS_code/New_Jydl_v3/entry/src/main/ets/pages/RelaySetting_DispSelect.ets:241:18
 'back' has been deprecated.

WARN: ArkTS:WARN File: E:/baidu/arkTS_code/New_Jydl_v3/entry/src/main/ets/pages/RelaySetting_DispSelect.ets:255:18
 'back' has been deprecated.

WARN: ArkTS:WARN File: E:/baidu/arkTS_code/New_Jydl_v3/entry/src/main/ets/pages/RelaySettingSet.ets:623:19
 'getContext' has been deprecated.

WARN: ArkTS:WARN File: E:/baidu/arkTS_code/New_Jydl_v3/entry/src/main/ets/pages/RelaySettingSet.ets:1502:27
 'getParams' has been deprecated.

WARN: ArkTS:WARN File: E:/baidu/arkTS_code/New_Jydl_v3/entry/src/main/ets/pages/RelaySettingSet.ets:1662:16
 'back' has been deprecated.

WARN: ArkTS:WARN File: E:/baidu/arkTS_code/New_Jydl_v3/entry/src/main/ets/pages/RelaySettingSet.ets:1676:16
 'back' has been deprecated.

WARN: ArkTS:WARN File: E:/baidu/arkTS_code/New_Jydl_v3/entry/src/main/ets/pages/RelaySettingSet.ets:2105:18
 'back' has been deprecated.

WARN: ArkTS:WARN File: E:/baidu/arkTS_code/New_Jydl_v3/entry/src/main/ets/pages/RelaySettingSet.ets:2121:18
 'back' has been deprecated.

WARN: ArkTS:WARN File: E:/baidu/arkTS_code/New_Jydl_v3/entry/src/main/ets/pages/RelaySetting_SetSelect.ets:77:12
 'pushUrl' has been deprecated.

WARN: ArkTS:WARN File: E:/baidu/arkTS_code/New_Jydl_v3/entry/src/main/ets/pages/RelaySetting_SetSelect.ets:190:16
 'back' has been deprecated.

WARN: ArkTS:WARN File: E:/baidu/arkTS_code/New_Jydl_v3/entry/src/main/ets/pages/RelaySetting_SetSelect.ets:204:16
 'back' has been deprecated.

WARN: ArkTS:WARN File: E:/baidu/arkTS_code/New_Jydl_v3/entry/src/main/ets/pages/RelaySetting_SetSelect.ets:242:18
 'back' has been deprecated.

WARN: ArkTS:WARN File: E:/baidu/arkTS_code/New_Jydl_v3/entry/src/main/ets/pages/RelaySetting_SetSelect.ets:256:18
 'back' has been deprecated.

WARN: ArkTS:WARN File: E:/baidu/arkTS_code/New_Jydl_v3/entry/src/main/ets/pages/CommonSetting_PrimarySystem_Set.ets:185:19
 'getContext' has been deprecated.

WARN: ArkTS:WARN File: E:/baidu/arkTS_code/New_Jydl_v3/entry/src/main/ets/pages/CommonSetting_PrimarySystem_Set.ets:570:16
 'back' has been deprecated.

WARN: ArkTS:WARN File: E:/baidu/arkTS_code/New_Jydl_v3/entry/src/main/ets/pages/CommonSetting_PrimarySystem_Set.ets:585:16
 'back' has been deprecated.

WARN: ArkTS:WARN File: E:/baidu/arkTS_code/New_Jydl_v3/entry/src/main/ets/pages/CommonSetting_PrimarySystem_Set.ets:1016:18
 'back' has been deprecated.

WARN: ArkTS:WARN File: E:/baidu/arkTS_code/New_Jydl_v3/entry/src/main/ets/pages/CommonSetting_TeleMeasuring_Set.ets:505:16
 'back' has been deprecated.

WARN: ArkTS:WARN File: E:/baidu/arkTS_code/New_Jydl_v3/entry/src/main/ets/pages/CommonSetting_TeleMeasuring_Set.ets:520:16
 'back' has been deprecated.

WARN: ArkTS:WARN File: E:/baidu/arkTS_code/New_Jydl_v3/entry/src/main/ets/pages/CommonSetting_TeleMeasuring_Set.ets:929:16
 'back' has been deprecated.

WARN: ArkTS:WARN File: E:/baidu/arkTS_code/New_Jydl_v3/entry/src/main/ets/pages/CommonSetting_TeleMeasuring_Set.ets:935:16
 'back' has been deprecated.

WARN: ArkTS:WARN File: E:/baidu/arkTS_code/New_Jydl_v3/entry/src/main/ets/pages/CommonSetting_TeleSignaling_Set.ets:484:16
 'back' has been deprecated.

WARN: ArkTS:WARN File: E:/baidu/arkTS_code/New_Jydl_v3/entry/src/main/ets/pages/CommonSetting_TeleSignaling_Set.ets:499:16
 'back' has been deprecated.

WARN: ArkTS:WARN File: E:/baidu/arkTS_code/New_Jydl_v3/entry/src/main/ets/pages/CommonSetting_TeleSignaling_Set.ets:794:16
 'back' has been deprecated.

WARN: ArkTS:WARN File: E:/baidu/arkTS_code/New_Jydl_v3/entry/src/main/ets/pages/CommonSetting_TeleSignaling_Set.ets:800:16
 'back' has been deprecated.

WARN: ArkTS:WARN File: E:/baidu/arkTS_code/New_Jydl_v3/entry/src/main/ets/pages/CommonSetting_TeleControlling_Set.ets:268:19
 'getContext' has been deprecated.

WARN: ArkTS:WARN File: E:/baidu/arkTS_code/New_Jydl_v3/entry/src/main/ets/pages/CommonSetting_TeleControlling_Set.ets:652:16
 'back' has been deprecated.

WARN: ArkTS:WARN File: E:/baidu/arkTS_code/New_Jydl_v3/entry/src/main/ets/pages/CommonSetting_TeleControlling_Set.ets:667:16
 'back' has been deprecated.

WARN: ArkTS:WARN File: E:/baidu/arkTS_code/New_Jydl_v3/entry/src/main/ets/pages/CommonSetting_TeleControlling_Set.ets:1185:16
 'back' has been deprecated.

WARN: ArkTS:WARN File: E:/baidu/arkTS_code/New_Jydl_v3/entry/src/main/ets/pages/CommonSetting_TeleControlling_Set.ets:1191:16
 'back' has been deprecated.

WARN: ArkTS:WARN File: E:/baidu/arkTS_code/New_Jydl_v3/entry/src/main/ets/pages/CommonSetting_ExceedingLimit_Set.ets:369:19
 'getContext' has been deprecated.

WARN: ArkTS:WARN File: E:/baidu/arkTS_code/New_Jydl_v3/entry/src/main/ets/pages/CommonSetting_ExceedingLimit_Set.ets:869:16
 'back' has been deprecated.

WARN: ArkTS:WARN File: E:/baidu/arkTS_code/New_Jydl_v3/entry/src/main/ets/pages/CommonSetting_ExceedingLimit_Set.ets:884:16
 'back' has been deprecated.

WARN: ArkTS:WARN File: E:/baidu/arkTS_code/New_Jydl_v3/entry/src/main/ets/pages/CommonSetting_ExceedingLimit_Set.ets:1237:16
 'back' has been deprecated.

WARN: ArkTS:WARN File: E:/baidu/arkTS_code/New_Jydl_v3/entry/src/main/ets/pages/CommonSetting_ExceedingLimit_Set.ets:1243:16
 'back' has been deprecated.

WARN: ArkTS:WARN File: E:/baidu/arkTS_code/New_Jydl_v3/entry/src/main/ets/pages/CommonSetting_PowerQuality_Set.ets:277:19
 'getContext' has been deprecated.

WARN: ArkTS:WARN File: E:/baidu/arkTS_code/New_Jydl_v3/entry/src/main/ets/pages/CommonSetting_PowerQuality_Set.ets:872:16
 'back' has been deprecated.

WARN: ArkTS:WARN File: E:/baidu/arkTS_code/New_Jydl_v3/entry/src/main/ets/pages/CommonSetting_PowerQuality_Set.ets:887:16
 'back' has been deprecated.

WARN: ArkTS:WARN File: E:/baidu/arkTS_code/New_Jydl_v3/entry/src/main/ets/pages/CommonSetting_PowerQuality_Set.ets:1228:16
 'back' has been deprecated.

WARN: ArkTS:WARN File: E:/baidu/arkTS_code/New_Jydl_v3/entry/src/main/ets/pages/CommonSetting_PowerQuality_Set.ets:1234:16
 'back' has been deprecated.

WARN: ArkTS:WARN File: E:/baidu/arkTS_code/New_Jydl_v3/entry/src/main/ets/pages/CommonSetting_AnalogQuantity_Set.ets:1011:16
 'back' has been deprecated.

WARN: ArkTS:WARN File: E:/baidu/arkTS_code/New_Jydl_v3/entry/src/main/ets/pages/CommonSetting_AnalogQuantity_Set.ets:1026:16
 'back' has been deprecated.

WARN: ArkTS:WARN File: E:/baidu/arkTS_code/New_Jydl_v3/entry/src/main/ets/pages/CommonSetting_AnalogQuantity_Set.ets:1210:18
 'back' has been deprecated.

WARN: ArkTS:WARN File: E:/baidu/arkTS_code/New_Jydl_v3/entry/src/main/ets/pages/CommonSetting_Statistics_Set.ets:636:19
 'getContext' has been deprecated.

WARN: ArkTS:WARN File: E:/baidu/arkTS_code/New_Jydl_v3/entry/src/main/ets/pages/CommonSetting_Statistics_Set.ets:1168:16
 'back' has been deprecated.

WARN: ArkTS:WARN File: E:/baidu/arkTS_code/New_Jydl_v3/entry/src/main/ets/pages/CommonSetting_Statistics_Set.ets:1183:16
 'back' has been deprecated.

WARN: ArkTS:WARN File: E:/baidu/arkTS_code/New_Jydl_v3/entry/src/main/ets/pages/CommonSetting_Statistics_Set.ets:1576:18
 'back' has been deprecated.

WARN: ArkTS:WARN File: E:/baidu/arkTS_code/New_Jydl_v3/entry/src/main/ets/pages/CommonSetting_Statistics_Set.ets:1592:18
 'back' has been deprecated.

WARN: ArkTS:WARN File: E:/baidu/arkTS_code/New_Jydl_v3/entry/src/main/ets/pages/DigitalOutput_Test.ets:90:19
 'getContext' has been deprecated.

WARN: ArkTS:WARN File: E:/baidu/arkTS_code/New_Jydl_v3/entry/src/main/ets/pages/DigitalOutput_Test.ets:204:16
 'back' has been deprecated.

WARN: ArkTS:WARN File: E:/baidu/arkTS_code/New_Jydl_v3/entry/src/main/ets/pages/DigitalOutput_Test.ets:220:16
 'back' has been deprecated.

WARN: ArkTS:WARN File: E:/baidu/arkTS_code/New_Jydl_v3/entry/src/main/ets/pages/DigitalOutput_Test.ets:292:16
 'back' has been deprecated.

WARN: ArkTS:WARN File: E:/baidu/arkTS_code/New_Jydl_v3/entry/src/main/ets/pages/DigitalOutput_Test.ets:296:16
 'back' has been deprecated.

WARN: ArkTS:WARN File: E:/baidu/arkTS_code/New_Jydl_v3/entry/src/main/ets/pages/DigitalInput_Test.ets:155:16
 'back' has been deprecated.

WARN: ArkTS:WARN File: E:/baidu/arkTS_code/New_Jydl_v3/entry/src/main/ets/pages/DigitalInput_Test.ets:171:16
 'back' has been deprecated.

WARN: ArkTS:WARN File: E:/baidu/arkTS_code/New_Jydl_v3/entry/src/main/ets/pages/DigitalInput_Test.ets:239:16
 'back' has been deprecated.

WARN: ArkTS:WARN File: E:/baidu/arkTS_code/New_Jydl_v3/entry/src/main/ets/pages/DigitalInput_Test.ets:243:16
 'back' has been deprecated.

WARN: ArkTS:WARN File: E:/baidu/arkTS_code/New_Jydl_v3/entry/src/main/ets/pages/Password_Set.ets:191:16
 'back' has been deprecated.

WARN: ArkTS:WARN File: E:/baidu/arkTS_code/New_Jydl_v3/entry/src/main/ets/pages/Password_Set.ets:206:16
 'back' has been deprecated.

WARN: ArkTS:WARN File: E:/baidu/arkTS_code/New_Jydl_v3/entry/src/main/ets/pages/Password_Set.ets:293:16
 'back' has been deprecated.

WARN: ArkTS:WARN File: E:/baidu/arkTS_code/New_Jydl_v3/entry/src/main/ets/pages/Password_Set.ets:299:16
 'back' has been deprecated.

WARN: ArkTS:WARN File: E:/baidu/arkTS_code/New_Jydl_v3/entry/src/main/ets/pages/quality_index.ets:232:20
 'back' has been deprecated.

WARN: ArkTS:WARN File: E:/baidu/arkTS_code/New_Jydl_v3/entry/src/main/ets/pages/quality_index.ets:247:20
 'back' has been deprecated.

WARN: ArkTS:WARN File: E:/baidu/arkTS_code/New_Jydl_v3/entry/src/main/ets/pages/quality_index.ets:361:18
 'back' has been deprecated.

WARN: ArkTS:WARN File: E:/baidu/arkTS_code/New_Jydl_v3/entry/src/main/ets/pages/quality_index.ets:377:18
 'back' has been deprecated.

WARN: ArkTS:WARN File: E:/baidu/arkTS_code/New_Jydl_v3/entry/src/main/ets/pages/broadband_harmonic.ets:840:16
 'back' has been deprecated.

WARN: ArkTS:WARN File: E:/baidu/arkTS_code/New_Jydl_v3/entry/src/main/ets/pages/broadband_harmonic.ets:855:16
 'back' has been deprecated.

WARN: ArkTS:WARN File: E:/baidu/arkTS_code/New_Jydl_v3/entry/src/main/ets/pages/broadband_harmonic.ets:1051:18
 'back' has been deprecated.

WARN: ArkTS:WARN File: E:/baidu/arkTS_code/New_Jydl_v3/entry/src/main/ets/pages/broadband_harmonic.ets:1067:18
 'back' has been deprecated.

WARN: ArkTS:WARN File: E:/baidu/arkTS_code/New_Jydl_v3/entry/src/main/ets/utils/IPC_Util.ets:798:45
 'createAshmem' has been deprecated.

WARN: ArkTS:WARN File: E:/baidu/arkTS_code/New_Jydl_v3/entry/src/main/ets/utils/IPC_Util.ets:860:22
 'decodeWithStream' has been deprecated.

WARN: ArkTS:WARN File: E:/baidu/arkTS_code/New_Jydl_v3/entry/src/main/ets/AlarmSettings/index.ets:248:29
 'getContext' has been deprecated.

WARN: ArkTS:WARN File: E:/baidu/arkTS_code/New_Jydl_v3/entry/src/main/ets/AlarmSettings/index.ets:506:10
 'onScroll' has been deprecated.

WARN: ArkTS:WARN File: E:/baidu/arkTS_code/New_Jydl_v3/entry/src/main/ets/AlarmSettings/index.ets:539:22
 'replaceUrl' has been deprecated.

WARN: ArkTS:WARN File: E:/baidu/arkTS_code/New_Jydl_v3/entry/src/main/ets/AlarmSettings/index.ets:712:20
 'showToast' has been deprecated.

WARN: ArkTS:WARN File: E:/baidu/arkTS_code/New_Jydl_v3/entry/src/main/ets/AlarmSettings/index.ets:720:20
 'showToast' has been deprecated.

WARN: ArkTS:WARN File: E:/baidu/arkTS_code/New_Jydl_v3/entry/src/main/ets/AlarmSettings/index.ets:767:26
 'showToast' has been deprecated.

WARN: ArkTS:WARN File: E:/baidu/arkTS_code/New_Jydl_v3/entry/src/main/ets/AlarmSettings/index.ets:773:26
 'showToast' has been deprecated.

WARN: ArkTS:WARN File: E:/baidu/arkTS_code/New_Jydl_v3/entry/src/main/ets/AlarmSettings/index.ets:780:24
 'showToast' has been deprecated.

WARN: ArkTS:WARN File: E:/baidu/arkTS_code/New_Jydl_v3/entry/src/main/ets/AlarmSettings/index.ets:787:22
 'showToast' has been deprecated.

WARN: ArkTS:WARN File: E:/baidu/arkTS_code/New_Jydl_v3/entry/src/main/ets/AlarmSettings/index.ets:797:20
 'showToast' has been deprecated.

WARN: ArkTS:WARN File: E:/baidu/arkTS_code/New_Jydl_v3/entry/src/main/ets/components/CommonTitleBar.ets:72:16
 'replaceUrl' has been deprecated.

WARN: ArkTS:WARN File: E:/baidu/arkTS_code/New_Jydl_v3/entry/src/main/ets/pages/meter/index.ets:18:53
 'getContext' has been deprecated.

WARN: ArkTS:WARN File: E:/baidu/arkTS_code/New_Jydl_v3/entry/src/main/ets/pages/pqInsight/pqInsight.ets:84:53
 'getContext' has been deprecated.

WARN: ArkTS:WARN File: E:/baidu/arkTS_code/New_Jydl_v3/entry/src/main/ets/pages/pqInsight/index.ets:66:24
 'pushUrl' has been deprecated.

WARN: ArkTS:WARN File: E:/baidu/arkTS_code/New_Jydl_v3/entry/src/main/ets/pages/pqInsight/EventCenter.ets:300:24
 'show' has been deprecated.

WARN: ArkTS:WARN File: E:/baidu/arkTS_code/New_Jydl_v3/entry/src/main/ets/pages/pqInsight/EventCenter.ets:349:24
 'show' has been deprecated.

WARN: ArkTS:WARN File: E:/baidu/arkTS_code/New_Jydl_v3/oh_modules/.ohpm/@ohos+mpchart@3.0.28/oh_modules/@ohos/mpchart/src/main/ets/components/charts/ChartModel.ets:212:14
 'getContext' has been deprecated.

WARN: ArkTS:WARN File: E:/baidu/arkTS_code/New_Jydl_v3/entry/src/main/ets/pages/SoftStrapSet.ets:275:1
 It's not a recommended way to export struct with '@Entry' decorator, which may cause ACE Engine error in component preview mode.
WARN: ArkTS:WARN File: E:/baidu/arkTS_code/New_Jydl_v3/entry/src/main/ets/pages/CommonSetting_TeleSignaling_Set.ets:171:1
 It's not a recommended way to export struct with '@Entry' decorator, which may cause ACE Engine error in component preview mode.
WARN: ArkTS:WARN File: E:/baidu/arkTS_code/New_Jydl_v3/entry/src/main/ets/pages/CommonSetting_TeleMeasuring_Set.ets:142:1
 It's not a recommended way to export struct with '@Entry' decorator, which may cause ACE Engine error in component preview mode.
WARN: ArkTS:WARN File: E:/baidu/arkTS_code/New_Jydl_v3/entry/src/main/ets/pages/CommonSetting_TeleControlling_Set.ets:207:1
 It's not a recommended way to export struct with '@Entry' decorator, which may cause ACE Engine error in component preview mode.
WARN: ArkTS:WARN File: E:/baidu/arkTS_code/New_Jydl_v3/entry/src/main/ets/pages/CommonSetting_Statistics_Set.ets:564:1
 It's not a recommended way to export struct with '@Entry' decorator, which may cause ACE Engine error in component preview mode.

> hvigor [32mFinished :entry:default@CompileArkTS... after 44 s 11 ms [39m
> hvigor [32mUP-TO-DATE :entry:default@GeneratePkgModuleJson...  [39m
> hvigor [32mFinished :entry:default@ProcessCompiledResources... after 2 ms [39m
> hvigor [32mFinished :entry:default@PackageHap... after 3 s 45 ms [39m
> hvigor [32mFinished :entry:default@PackingCheck... after 14 ms [39m
> hvigor [32mFinished :entry:default@SignHap... after 2 s 188 ms [39m
> hvigor [32mFinished :entry:default@CollectDebugSymbol... after 3 ms [39m
> hvigor [32mFinished :entry:assembleHap... after 1 ms [39m
> hvigor [32mBUILD SUCCESSFUL in 1 min 24 s 867 ms [39m
